[2025-02-11 11:52:28] [DEBUG] Password reset token generated for sakiththewmika@gmail.com
[2025-02-11 11:53:25] [DEBUG] Password reset for user ID: 10063
[2025-02-11 14:41:46] [DEBUG] Password reset token generated for sakiththewmika@gmail.com
[2025-02-11 14:57:30] [DEBUG] Password reset token generated for sakiththewmika@gmail.com
[2025-02-11 23:39:11] [DEBUG] Password reset token generated for sakiththewmika@gmail.com
[2025-02-11 23:40:40] [DEBUG] Password reset for user ID: 10063
[2025-02-12 00:35:31] [DEBUG] Token generated: 9f01a94cd82fce9315d837a1de7633ea903f09e36b1efc0aaf56f37aa5b5af3d
[2025-02-12 00:35:37] [DEBUG] Token sent to email: 9f01a94cd82fce9315d837a1de7633ea903f09e36b1efc0aaf56f37aa5b5af3d
[2025-02-12 00:39:08] [DEBUG] Token generated: 2701be783137cfe5102291965708eebd5da4845a23887fe519aefeda512cb9d9
[2025-02-12 00:40:45] [DEBUG] Token generated: 02297259561594b303332fa1da18fef9d82bc03c87adb86d84947e0256830bfb
[2025-02-12 00:43:04] [DEBUG] Token generated: 76118e36bc6815e16a1215332f05f00650b927a23ada4759c81b370936ae38b1
[2025-02-12 00:43:43] [DEBUG] Token generated: f561619acfd54952bca066c7f96a0c8c794f5bcf47a3e9418226cb603822a376
[2025-02-12 00:43:43] [DEBUG] Token saved to database
[2025-02-12 00:48:12] [DEBUG] Token generated: 0be320c654d3b64c0f7df9f9566a044d53ad09a50abfe79f28d3ea8e1e447c17
[2025-02-12 00:48:12] [DEBUG] Token saved to database
[2025-02-12 10:53:12] [DEBUG] Token generated: a87b93df5f65f6719c90bb1def501a2b789777c2408a90a26cf101475e29110c
[2025-02-12 10:53:12] [DEBUG] Token saved to database
[2025-02-12 11:43:26] [DEBUG] Token generated: 91742781c66a640b9e19cb5e5341c5193880ef26a8b0a3f7a5a4be493ffaa76e
[2025-02-12 11:43:26] [DEBUG] Token saved to database
[2025-02-12 11:51:53] [DEBUG] Token generated: 84654145d3039c75a31cbc1d18be7c67208f69736b9085f3e309ce669307ef9b
[2025-02-12 11:51:53] [DEBUG] Token saved to database
[2025-02-12 11:52:51] [DEBUG] Token generated: ef0f127d851fe1617de0de99b89bb9c5c21939a3fc8d479d90b1b02b47539174
[2025-02-12 11:52:51] [DEBUG] Token saved to database
[2025-02-13 14:09:24] [DEBUG] Token generated: 325981ca547bdf0db6564fb8b5b6bbaf89b1c3f2d8013a3041ffe2a4f7b03e7a
[2025-02-13 14:09:24] [DEBUG] Password reset token generated for sakiththewmika@gmail.com
[2025-02-13 14:09:24] [DEBUG] Token saved to database
[2025-02-13 14:13:32] [DEBUG] Token generated: 467ac0834af5f765e69b2d9759f6782d4d7c2f36cb2cf77946fe5675896a8439
[2025-02-13 14:13:32] [DEBUG] Password reset token generated for sakiththewmika@gmail.com
[2025-02-13 14:13:32] [DEBUG] Token saved to database
[2025-04-08 22:20:07] [DEBUG] Token generated: 931d4d52f1b727bf67490fe29f67c34dd85baf730b956a0f2a16a584e24da246
[2025-04-08 22:20:07] [DEBUG] Token saved to database
[2025-04-08 22:21:08] [DEBUG] Token generated: b0ae84b8fa02d3eff97a84930f952d4ecfc42423eeb9fc052f60f6adc84e4cbc
[2025-04-08 22:21:08] [DEBUG] Token saved to database
